src/app/(dashboard)/financial/page.tsx(35,49): error TS2345: Argument of type '"financial"' is not assignable to parameter of type 'ModuleKey'.
src/app/(dashboard)/financial/page.tsx(39,49): error TS2345: Argument of type '"financial"' is not assignable to parameter of type 'ModuleKey'.
src/app/(dashboard)/financial/page.tsx(42,41): error TS2345: Argument of type '"financial"' is not assignable to parameter of type 'ModuleKey'.
src/app/(dashboard)/financial/page.tsx(116,32): error TS2345: Argument of type '"financial"' is not assignable to parameter of type 'ModuleKey'.
src/app/(dashboard)/financial/page.tsx(232,60): error TS2345: Argument of type '"financial"' is not assignable to parameter of type 'ModuleKey'.
src/app/(dashboard)/financial/page.tsx(256,60): error TS2345: Argument of type '"financial"' is not assignable to parameter of type 'ModuleKey'.
src/components/financial/FinancialForm.tsx(47,9): error TS2322: Type 'Resolver<{ type: "PAYABLE" | "RECEIVABLE"; status: "PENDING" | "CANCELLED" | "PAID" | "OVERDUE"; description: string; amount: unknown; dueDate: string; paymentDate?: string | undefined; paymentMethod?: string | undefined; category?: string | undefined; entityName?: string | undefined; }, any, { ...; }>' is not assignable to type 'Resolver<{ type: "PAYABLE" | "RECEIVABLE"; status: "PENDING" | "CANCELLED" | "PAID" | "OVERDUE"; description: string; amount: number; dueDate: string; paymentDate?: string | undefined; paymentMethod?: string | undefined; category?: string | undefined; entityName?: string | undefined; }, any, { ...; }>'.
  Types of parameters 'options' and 'options' are incompatible.
    Type 'ResolverOptions<{ type: "PAYABLE" | "RECEIVABLE"; status: "PENDING" | "CANCELLED" | "PAID" | "OVERDUE"; description: string; amount: number; dueDate: string; paymentDate?: string | undefined; paymentMethod?: string | undefined; category?: string | undefined; entityName?: string | undefined; }>' is not assignable to type 'ResolverOptions<{ type: "PAYABLE" | "RECEIVABLE"; status: "PENDING" | "CANCELLED" | "PAID" | "OVERDUE"; description: string; amount: unknown; dueDate: string; paymentDate?: string | undefined; paymentMethod?: string | undefined; category?: string | undefined; entityName?: string | undefined; }>'.
      Type 'unknown' is not assignable to type 'number'.
src/components/financial/FinancialForm.tsx(63,47): error TS2345: Argument of type '(values: { type: "PAYABLE" | "RECEIVABLE"; status: "PENDING" | "CANCELLED" | "PAID" | "OVERDUE"; description: string; amount: number; dueDate: string; paymentDate?: string | undefined; paymentMethod?: string | undefined; category?: string | undefined; entityName?: string | undefined; }) => void' is not assignable to parameter of type 'SubmitHandler<TFieldValues>'.
  Types of parameters 'values' and 'data' are incompatible.
    Type 'TFieldValues' is not assignable to type '{ type: "PAYABLE" | "RECEIVABLE"; status: "PENDING" | "CANCELLED" | "PAID" | "OVERDUE"; description: string; amount: number; dueDate: string; paymentDate?: string | undefined; paymentMethod?: string | undefined; category?: string | undefined; entityName?: string | undefined; }'.
      Type 'FieldValues' is missing the following properties from type '{ type: "PAYABLE" | "RECEIVABLE"; status: "PENDING" | "CANCELLED" | "PAID" | "OVERDUE"; description: string; amount: number; dueDate: string; paymentDate?: string | undefined; paymentMethod?: string | undefined; category?: string | undefined; entityName?: string | undefined; }': type, status, description, amount, dueDate
src/components/financial/FinancialForm.tsx(66,25): error TS2322: Type 'Control<{ type: "PAYABLE" | "RECEIVABLE"; status: "PENDING" | "CANCELLED" | "PAID" | "OVERDUE"; description: string; amount: number; dueDate: string; paymentDate?: string | undefined; paymentMethod?: string | undefined; category?: string | undefined; entityName?: string | undefined; }, any, TFieldValues>' is not assignable to type 'Control<{ type: "PAYABLE" | "RECEIVABLE"; status: "PENDING" | "CANCELLED" | "PAID" | "OVERDUE"; description: string; amount: number; dueDate: string; paymentDate?: string | undefined; paymentMethod?: string | undefined; category?: string | undefined; entityName?: string | undefined; }, any, { ...; }>'.
  The types of '_options.resolver' are incompatible between these types.
    Type 'Resolver<{ type: "PAYABLE" | "RECEIVABLE"; status: "PENDING" | "CANCELLED" | "PAID" | "OVERDUE"; description: string; amount: number; dueDate: string; paymentDate?: string | undefined; paymentMethod?: string | undefined; category?: string | undefined; entityName?: string | undefined; }, any, TFieldValues> | undefined' is not assignable to type 'Resolver<{ type: "PAYABLE" | "RECEIVABLE"; status: "PENDING" | "CANCELLED" | "PAID" | "OVERDUE"; description: string; amount: number; dueDate: string; paymentDate?: string | undefined; paymentMethod?: string | undefined; category?: string | undefined; entityName?: string | undefined; }, any, { ...; }> | undefined'.
      Type 'Resolver<{ type: "PAYABLE" | "RECEIVABLE"; status: "PENDING" | "CANCELLED" | "PAID" | "OVERDUE"; description: string; amount: number; dueDate: string; paymentDate?: string | undefined; paymentMethod?: string | undefined; category?: string | undefined; entityName?: string | undefined; }, any, TFieldValues>' is not assignable to type 'Resolver<{ type: "PAYABLE" | "RECEIVABLE"; status: "PENDING" | "CANCELLED" | "PAID" | "OVERDUE"; description: string; amount: number; dueDate: string; paymentDate?: string | undefined; paymentMethod?: string | undefined; category?: string | undefined; entityName?: string | undefined; }, any, { ...; }>'.
        Type 'ResolverResult<{ type: "PAYABLE" | "RECEIVABLE"; status: "PENDING" | "CANCELLED" | "PAID" | "OVERDUE"; description: string; amount: number; dueDate: string; paymentDate?: string | undefined; paymentMethod?: string | undefined; category?: string | undefined; entityName?: string | undefined; }, TFieldValues> | Promise...' is not assignable to type 'ResolverResult<{ type: "PAYABLE" | "RECEIVABLE"; status: "PENDING" | "CANCELLED" | "PAID" | "OVERDUE"; description: string; amount: number; dueDate: string; paymentDate?: string | undefined; paymentMethod?: string | undefined; category?: string | undefined; entityName?: string | undefined; }, { ...; }> | Promise<...>'.
          Type 'ResolverSuccess<TFieldValues>' is not assignable to type 'ResolverResult<{ type: "PAYABLE" | "RECEIVABLE"; status: "PENDING" | "CANCELLED" | "PAID" | "OVERDUE"; description: string; amount: number; dueDate: string; paymentDate?: string | undefined; paymentMethod?: string | undefined; category?: string | undefined; entityName?: string | undefined; }, { ...; }> | Promise<...>'.
            Type 'ResolverSuccess<TFieldValues>' is not assignable to type 'ResolverSuccess<{ type: "PAYABLE" | "RECEIVABLE"; status: "PENDING" | "CANCELLED" | "PAID" | "OVERDUE"; description: string; amount: number; dueDate: string; paymentDate?: string | undefined; paymentMethod?: string | undefined; category?: string | undefined; entityName?: string | undefined; }>'.
              Type 'TFieldValues' is not assignable to type '{ type: "PAYABLE" | "RECEIVABLE"; status: "PENDING" | "CANCELLED" | "PAID" | "OVERDUE"; description: string; amount: number; dueDate: string; paymentDate?: string | undefined; paymentMethod?: string | undefined; category?: string | undefined; entityName?: string | undefined; }'.
                Type 'FieldValues' is missing the following properties from type '{ type: "PAYABLE" | "RECEIVABLE"; status: "PENDING" | "CANCELLED" | "PAID" | "OVERDUE"; description: string; amount: number; dueDate: string; paymentDate?: string | undefined; paymentMethod?: string | undefined; category?: string | undefined; entityName?: string | undefined; }': type, status, description, amount, dueDate
src/components/financial/FinancialForm.tsx(88,25): error TS2322: Type 'Control<{ type: "PAYABLE" | "RECEIVABLE"; status: "PENDING" | "CANCELLED" | "PAID" | "OVERDUE"; description: string; amount: number; dueDate: string; paymentDate?: string | undefined; paymentMethod?: string | undefined; category?: string | undefined; entityName?: string | undefined; }, any, TFieldValues>' is not assignable to type 'Control<{ type: "PAYABLE" | "RECEIVABLE"; status: "PENDING" | "CANCELLED" | "PAID" | "OVERDUE"; description: string; amount: number; dueDate: string; paymentDate?: string | undefined; paymentMethod?: string | undefined; category?: string | undefined; entityName?: string | undefined; }, any, { ...; }>'.
  The types of '_options.resolver' are incompatible between these types.
    Type 'Resolver<{ type: "PAYABLE" | "RECEIVABLE"; status: "PENDING" | "CANCELLED" | "PAID" | "OVERDUE"; description: string; amount: number; dueDate: string; paymentDate?: string | undefined; paymentMethod?: string | undefined; category?: string | undefined; entityName?: string | undefined; }, any, TFieldValues> | undefined' is not assignable to type 'Resolver<{ type: "PAYABLE" | "RECEIVABLE"; status: "PENDING" | "CANCELLED" | "PAID" | "OVERDUE"; description: string; amount: number; dueDate: string; paymentDate?: string | undefined; paymentMethod?: string | undefined; category?: string | undefined; entityName?: string | undefined; }, any, { ...; }> | undefined'.
      Type 'Resolver<{ type: "PAYABLE" | "RECEIVABLE"; status: "PENDING" | "CANCELLED" | "PAID" | "OVERDUE"; description: string; amount: number; dueDate: string; paymentDate?: string | undefined; paymentMethod?: string | undefined; category?: string | undefined; entityName?: string | undefined; }, any, TFieldValues>' is not assignable to type 'Resolver<{ type: "PAYABLE" | "RECEIVABLE"; status: "PENDING" | "CANCELLED" | "PAID" | "OVERDUE"; description: string; amount: number; dueDate: string; paymentDate?: string | undefined; paymentMethod?: string | undefined; category?: string | undefined; entityName?: string | undefined; }, any, { ...; }>'.
        Type 'ResolverResult<{ type: "PAYABLE" | "RECEIVABLE"; status: "PENDING" | "CANCELLED" | "PAID" | "OVERDUE"; description: string; amount: number; dueDate: string; paymentDate?: string | undefined; paymentMethod?: string | undefined; category?: string | undefined; entityName?: string | undefined; }, TFieldValues> | Promise...' is not assignable to type 'ResolverResult<{ type: "PAYABLE" | "RECEIVABLE"; status: "PENDING" | "CANCELLED" | "PAID" | "OVERDUE"; description: string; amount: number; dueDate: string; paymentDate?: string | undefined; paymentMethod?: string | undefined; category?: string | undefined; entityName?: string | undefined; }, { ...; }> | Promise<...>'.
          Type 'ResolverSuccess<TFieldValues>' is not assignable to type 'ResolverResult<{ type: "PAYABLE" | "RECEIVABLE"; status: "PENDING" | "CANCELLED" | "PAID" | "OVERDUE"; description: string; amount: number; dueDate: string; paymentDate?: string | undefined; paymentMethod?: string | undefined; category?: string | undefined; entityName?: string | undefined; }, { ...; }> | Promise<...>'.
            Type 'ResolverSuccess<TFieldValues>' is not assignable to type 'ResolverSuccess<{ type: "PAYABLE" | "RECEIVABLE"; status: "PENDING" | "CANCELLED" | "PAID" | "OVERDUE"; description: string; amount: number; dueDate: string; paymentDate?: string | undefined; paymentMethod?: string | undefined; category?: string | undefined; entityName?: string | undefined; }>'.
              Type 'TFieldValues' is not assignable to type '{ type: "PAYABLE" | "RECEIVABLE"; status: "PENDING" | "CANCELLED" | "PAID" | "OVERDUE"; description: string; amount: number; dueDate: string; paymentDate?: string | undefined; paymentMethod?: string | undefined; category?: string | undefined; entityName?: string | undefined; }'.
                Type 'FieldValues' is missing the following properties from type '{ type: "PAYABLE" | "RECEIVABLE"; status: "PENDING" | "CANCELLED" | "PAID" | "OVERDUE"; description: string; amount: number; dueDate: string; paymentDate?: string | undefined; paymentMethod?: string | undefined; category?: string | undefined; entityName?: string | undefined; }': type, status, description, amount, dueDate
src/components/financial/FinancialForm.tsx(113,21): error TS2322: Type 'Control<{ type: "PAYABLE" | "RECEIVABLE"; status: "PENDING" | "CANCELLED" | "PAID" | "OVERDUE"; description: string; amount: number; dueDate: string; paymentDate?: string | undefined; paymentMethod?: string | undefined; category?: string | undefined; entityName?: string | undefined; }, any, TFieldValues>' is not assignable to type 'Control<{ type: "PAYABLE" | "RECEIVABLE"; status: "PENDING" | "CANCELLED" | "PAID" | "OVERDUE"; description: string; amount: number; dueDate: string; paymentDate?: string | undefined; paymentMethod?: string | undefined; category?: string | undefined; entityName?: string | undefined; }, any, { ...; }>'.
  The types of '_options.resolver' are incompatible between these types.
    Type 'Resolver<{ type: "PAYABLE" | "RECEIVABLE"; status: "PENDING" | "CANCELLED" | "PAID" | "OVERDUE"; description: string; amount: number; dueDate: string; paymentDate?: string | undefined; paymentMethod?: string | undefined; category?: string | undefined; entityName?: string | undefined; }, any, TFieldValues> | undefined' is not assignable to type 'Resolver<{ type: "PAYABLE" | "RECEIVABLE"; status: "PENDING" | "CANCELLED" | "PAID" | "OVERDUE"; description: string; amount: number; dueDate: string; paymentDate?: string | undefined; paymentMethod?: string | undefined; category?: string | undefined; entityName?: string | undefined; }, any, { ...; }> | undefined'.
      Type 'Resolver<{ type: "PAYABLE" | "RECEIVABLE"; status: "PENDING" | "CANCELLED" | "PAID" | "OVERDUE"; description: string; amount: number; dueDate: string; paymentDate?: string | undefined; paymentMethod?: string | undefined; category?: string | undefined; entityName?: string | undefined; }, any, TFieldValues>' is not assignable to type 'Resolver<{ type: "PAYABLE" | "RECEIVABLE"; status: "PENDING" | "CANCELLED" | "PAID" | "OVERDUE"; description: string; amount: number; dueDate: string; paymentDate?: string | undefined; paymentMethod?: string | undefined; category?: string | undefined; entityName?: string | undefined; }, any, { ...; }>'.
        Type 'ResolverResult<{ type: "PAYABLE" | "RECEIVABLE"; status: "PENDING" | "CANCELLED" | "PAID" | "OVERDUE"; description: string; amount: number; dueDate: string; paymentDate?: string | undefined; paymentMethod?: string | undefined; category?: string | undefined; entityName?: string | undefined; }, TFieldValues> | Promise...' is not assignable to type 'ResolverResult<{ type: "PAYABLE" | "RECEIVABLE"; status: "PENDING" | "CANCELLED" | "PAID" | "OVERDUE"; description: string; amount: number; dueDate: string; paymentDate?: string | undefined; paymentMethod?: string | undefined; category?: string | undefined; entityName?: string | undefined; }, { ...; }> | Promise<...>'.
          Type 'ResolverSuccess<TFieldValues>' is not assignable to type 'ResolverResult<{ type: "PAYABLE" | "RECEIVABLE"; status: "PENDING" | "CANCELLED" | "PAID" | "OVERDUE"; description: string; amount: number; dueDate: string; paymentDate?: string | undefined; paymentMethod?: string | undefined; category?: string | undefined; entityName?: string | undefined; }, { ...; }> | Promise<...>'.
            Type 'ResolverSuccess<TFieldValues>' is not assignable to type 'ResolverSuccess<{ type: "PAYABLE" | "RECEIVABLE"; status: "PENDING" | "CANCELLED" | "PAID" | "OVERDUE"; description: string; amount: number; dueDate: string; paymentDate?: string | undefined; paymentMethod?: string | undefined; category?: string | undefined; entityName?: string | undefined; }>'.
              Type 'TFieldValues' is not assignable to type '{ type: "PAYABLE" | "RECEIVABLE"; status: "PENDING" | "CANCELLED" | "PAID" | "OVERDUE"; description: string; amount: number; dueDate: string; paymentDate?: string | undefined; paymentMethod?: string | undefined; category?: string | undefined; entityName?: string | undefined; }'.
                Type 'FieldValues' is missing the following properties from type '{ type: "PAYABLE" | "RECEIVABLE"; status: "PENDING" | "CANCELLED" | "PAID" | "OVERDUE"; description: string; amount: number; dueDate: string; paymentDate?: string | undefined; paymentMethod?: string | undefined; category?: string | undefined; entityName?: string | undefined; }': type, status, description, amount, dueDate
src/components/financial/FinancialForm.tsx(128,25): error TS2322: Type 'Control<{ type: "PAYABLE" | "RECEIVABLE"; status: "PENDING" | "CANCELLED" | "PAID" | "OVERDUE"; description: string; amount: number; dueDate: string; paymentDate?: string | undefined; paymentMethod?: string | undefined; category?: string | undefined; entityName?: string | undefined; }, any, TFieldValues>' is not assignable to type 'Control<{ type: "PAYABLE" | "RECEIVABLE"; status: "PENDING" | "CANCELLED" | "PAID" | "OVERDUE"; description: string; amount: number; dueDate: string; paymentDate?: string | undefined; paymentMethod?: string | undefined; category?: string | undefined; entityName?: string | undefined; }, any, { ...; }>'.
  The types of '_options.resolver' are incompatible between these types.
    Type 'Resolver<{ type: "PAYABLE" | "RECEIVABLE"; status: "PENDING" | "CANCELLED" | "PAID" | "OVERDUE"; description: string; amount: number; dueDate: string; paymentDate?: string | undefined; paymentMethod?: string | undefined; category?: string | undefined; entityName?: string | undefined; }, any, TFieldValues> | undefined' is not assignable to type 'Resolver<{ type: "PAYABLE" | "RECEIVABLE"; status: "PENDING" | "CANCELLED" | "PAID" | "OVERDUE"; description: string; amount: number; dueDate: string; paymentDate?: string | undefined; paymentMethod?: string | undefined; category?: string | undefined; entityName?: string | undefined; }, any, { ...; }> | undefined'.
      Type 'Resolver<{ type: "PAYABLE" | "RECEIVABLE"; status: "PENDING" | "CANCELLED" | "PAID" | "OVERDUE"; description: string; amount: number; dueDate: string; paymentDate?: string | undefined; paymentMethod?: string | undefined; category?: string | undefined; entityName?: string | undefined; }, any, TFieldValues>' is not assignable to type 'Resolver<{ type: "PAYABLE" | "RECEIVABLE"; status: "PENDING" | "CANCELLED" | "PAID" | "OVERDUE"; description: string; amount: number; dueDate: string; paymentDate?: string | undefined; paymentMethod?: string | undefined; category?: string | undefined; entityName?: string | undefined; }, any, { ...; }>'.
        Type 'ResolverResult<{ type: "PAYABLE" | "RECEIVABLE"; status: "PENDING" | "CANCELLED" | "PAID" | "OVERDUE"; description: string; amount: number; dueDate: string; paymentDate?: string | undefined; paymentMethod?: string | undefined; category?: string | undefined; entityName?: string | undefined; }, TFieldValues> | Promise...' is not assignable to type 'ResolverResult<{ type: "PAYABLE" | "RECEIVABLE"; status: "PENDING" | "CANCELLED" | "PAID" | "OVERDUE"; description: string; amount: number; dueDate: string; paymentDate?: string | undefined; paymentMethod?: string | undefined; category?: string | undefined; entityName?: string | undefined; }, { ...; }> | Promise<...>'.
          Type 'ResolverSuccess<TFieldValues>' is not assignable to type 'ResolverResult<{ type: "PAYABLE" | "RECEIVABLE"; status: "PENDING" | "CANCELLED" | "PAID" | "OVERDUE"; description: string; amount: number; dueDate: string; paymentDate?: string | undefined; paymentMethod?: string | undefined; category?: string | undefined; entityName?: string | undefined; }, { ...; }> | Promise<...>'.
            Type 'ResolverSuccess<TFieldValues>' is not assignable to type 'ResolverSuccess<{ type: "PAYABLE" | "RECEIVABLE"; status: "PENDING" | "CANCELLED" | "PAID" | "OVERDUE"; description: string; amount: number; dueDate: string; paymentDate?: string | undefined; paymentMethod?: string | undefined; category?: string | undefined; entityName?: string | undefined; }>'.
              Type 'TFieldValues' is not assignable to type '{ type: "PAYABLE" | "RECEIVABLE"; status: "PENDING" | "CANCELLED" | "PAID" | "OVERDUE"; description: string; amount: number; dueDate: string; paymentDate?: string | undefined; paymentMethod?: string | undefined; category?: string | undefined; entityName?: string | undefined; }'.
                Type 'FieldValues' is missing the following properties from type '{ type: "PAYABLE" | "RECEIVABLE"; status: "PENDING" | "CANCELLED" | "PAID" | "OVERDUE"; description: string; amount: number; dueDate: string; paymentDate?: string | undefined; paymentMethod?: string | undefined; category?: string | undefined; entityName?: string | undefined; }': type, status, description, amount, dueDate
src/components/financial/FinancialForm.tsx(142,25): error TS2322: Type 'Control<{ type: "PAYABLE" | "RECEIVABLE"; status: "PENDING" | "CANCELLED" | "PAID" | "OVERDUE"; description: string; amount: number; dueDate: string; paymentDate?: string | undefined; paymentMethod?: string | undefined; category?: string | undefined; entityName?: string | undefined; }, any, TFieldValues>' is not assignable to type 'Control<{ type: "PAYABLE" | "RECEIVABLE"; status: "PENDING" | "CANCELLED" | "PAID" | "OVERDUE"; description: string; amount: number; dueDate: string; paymentDate?: string | undefined; paymentMethod?: string | undefined; category?: string | undefined; entityName?: string | undefined; }, any, { ...; }>'.
  The types of '_options.resolver' are incompatible between these types.
    Type 'Resolver<{ type: "PAYABLE" | "RECEIVABLE"; status: "PENDING" | "CANCELLED" | "PAID" | "OVERDUE"; description: string; amount: number; dueDate: string; paymentDate?: string | undefined; paymentMethod?: string | undefined; category?: string | undefined; entityName?: string | undefined; }, any, TFieldValues> | undefined' is not assignable to type 'Resolver<{ type: "PAYABLE" | "RECEIVABLE"; status: "PENDING" | "CANCELLED" | "PAID" | "OVERDUE"; description: string; amount: number; dueDate: string; paymentDate?: string | undefined; paymentMethod?: string | undefined; category?: string | undefined; entityName?: string | undefined; }, any, { ...; }> | undefined'.
      Type 'Resolver<{ type: "PAYABLE" | "RECEIVABLE"; status: "PENDING" | "CANCELLED" | "PAID" | "OVERDUE"; description: string; amount: number; dueDate: string; paymentDate?: string | undefined; paymentMethod?: string | undefined; category?: string | undefined; entityName?: string | undefined; }, any, TFieldValues>' is not assignable to type 'Resolver<{ type: "PAYABLE" | "RECEIVABLE"; status: "PENDING" | "CANCELLED" | "PAID" | "OVERDUE"; description: string; amount: number; dueDate: string; paymentDate?: string | undefined; paymentMethod?: string | undefined; category?: string | undefined; entityName?: string | undefined; }, any, { ...; }>'.
        Type 'ResolverResult<{ type: "PAYABLE" | "RECEIVABLE"; status: "PENDING" | "CANCELLED" | "PAID" | "OVERDUE"; description: string; amount: number; dueDate: string; paymentDate?: string | undefined; paymentMethod?: string | undefined; category?: string | undefined; entityName?: string | undefined; }, TFieldValues> | Promise...' is not assignable to type 'ResolverResult<{ type: "PAYABLE" | "RECEIVABLE"; status: "PENDING" | "CANCELLED" | "PAID" | "OVERDUE"; description: string; amount: number; dueDate: string; paymentDate?: string | undefined; paymentMethod?: string | undefined; category?: string | undefined; entityName?: string | undefined; }, { ...; }> | Promise<...>'.
          Type 'ResolverSuccess<TFieldValues>' is not assignable to type 'ResolverResult<{ type: "PAYABLE" | "RECEIVABLE"; status: "PENDING" | "CANCELLED" | "PAID" | "OVERDUE"; description: string; amount: number; dueDate: string; paymentDate?: string | undefined; paymentMethod?: string | undefined; category?: string | undefined; entityName?: string | undefined; }, { ...; }> | Promise<...>'.
            Type 'ResolverSuccess<TFieldValues>' is not assignable to type 'ResolverSuccess<{ type: "PAYABLE" | "RECEIVABLE"; status: "PENDING" | "CANCELLED" | "PAID" | "OVERDUE"; description: string; amount: number; dueDate: string; paymentDate?: string | undefined; paymentMethod?: string | undefined; category?: string | undefined; entityName?: string | undefined; }>'.
              Type 'TFieldValues' is not assignable to type '{ type: "PAYABLE" | "RECEIVABLE"; status: "PENDING" | "CANCELLED" | "PAID" | "OVERDUE"; description: string; amount: number; dueDate: string; paymentDate?: string | undefined; paymentMethod?: string | undefined; category?: string | undefined; entityName?: string | undefined; }'.
                Type 'FieldValues' is missing the following properties from type '{ type: "PAYABLE" | "RECEIVABLE"; status: "PENDING" | "CANCELLED" | "PAID" | "OVERDUE"; description: string; amount: number; dueDate: string; paymentDate?: string | undefined; paymentMethod?: string | undefined; category?: string | undefined; entityName?: string | undefined; }': type, status, description, amount, dueDate
src/components/financial/FinancialForm.tsx(158,25): error TS2322: Type 'Control<{ type: "PAYABLE" | "RECEIVABLE"; status: "PENDING" | "CANCELLED" | "PAID" | "OVERDUE"; description: string; amount: number; dueDate: string; paymentDate?: string | undefined; paymentMethod?: string | undefined; category?: string | undefined; entityName?: string | undefined; }, any, TFieldValues>' is not assignable to type 'Control<{ type: "PAYABLE" | "RECEIVABLE"; status: "PENDING" | "CANCELLED" | "PAID" | "OVERDUE"; description: string; amount: number; dueDate: string; paymentDate?: string | undefined; paymentMethod?: string | undefined; category?: string | undefined; entityName?: string | undefined; }, any, { ...; }>'.
  The types of '_options.resolver' are incompatible between these types.
    Type 'Resolver<{ type: "PAYABLE" | "RECEIVABLE"; status: "PENDING" | "CANCELLED" | "PAID" | "OVERDUE"; description: string; amount: number; dueDate: string; paymentDate?: string | undefined; paymentMethod?: string | undefined; category?: string | undefined; entityName?: string | undefined; }, any, TFieldValues> | undefined' is not assignable to type 'Resolver<{ type: "PAYABLE" | "RECEIVABLE"; status: "PENDING" | "CANCELLED" | "PAID" | "OVERDUE"; description: string; amount: number; dueDate: string; paymentDate?: string | undefined; paymentMethod?: string | undefined; category?: string | undefined; entityName?: string | undefined; }, any, { ...; }> | undefined'.
      Type 'Resolver<{ type: "PAYABLE" | "RECEIVABLE"; status: "PENDING" | "CANCELLED" | "PAID" | "OVERDUE"; description: string; amount: number; dueDate: string; paymentDate?: string | undefined; paymentMethod?: string | undefined; category?: string | undefined; entityName?: string | undefined; }, any, TFieldValues>' is not assignable to type 'Resolver<{ type: "PAYABLE" | "RECEIVABLE"; status: "PENDING" | "CANCELLED" | "PAID" | "OVERDUE"; description: string; amount: number; dueDate: string; paymentDate?: string | undefined; paymentMethod?: string | undefined; category?: string | undefined; entityName?: string | undefined; }, any, { ...; }>'.
        Type 'ResolverResult<{ type: "PAYABLE" | "RECEIVABLE"; status: "PENDING" | "CANCELLED" | "PAID" | "OVERDUE"; description: string; amount: number; dueDate: string; paymentDate?: string | undefined; paymentMethod?: string | undefined; category?: string | undefined; entityName?: string | undefined; }, TFieldValues> | Promise...' is not assignable to type 'ResolverResult<{ type: "PAYABLE" | "RECEIVABLE"; status: "PENDING" | "CANCELLED" | "PAID" | "OVERDUE"; description: string; amount: number; dueDate: string; paymentDate?: string | undefined; paymentMethod?: string | undefined; category?: string | undefined; entityName?: string | undefined; }, { ...; }> | Promise<...>'.
          Type 'ResolverSuccess<TFieldValues>' is not assignable to type 'ResolverResult<{ type: "PAYABLE" | "RECEIVABLE"; status: "PENDING" | "CANCELLED" | "PAID" | "OVERDUE"; description: string; amount: number; dueDate: string; paymentDate?: string | undefined; paymentMethod?: string | undefined; category?: string | undefined; entityName?: string | undefined; }, { ...; }> | Promise<...>'.
            Type 'ResolverSuccess<TFieldValues>' is not assignable to type 'ResolverSuccess<{ type: "PAYABLE" | "RECEIVABLE"; status: "PENDING" | "CANCELLED" | "PAID" | "OVERDUE"; description: string; amount: number; dueDate: string; paymentDate?: string | undefined; paymentMethod?: string | undefined; category?: string | undefined; entityName?: string | undefined; }>'.
              Type 'TFieldValues' is not assignable to type '{ type: "PAYABLE" | "RECEIVABLE"; status: "PENDING" | "CANCELLED" | "PAID" | "OVERDUE"; description: string; amount: number; dueDate: string; paymentDate?: string | undefined; paymentMethod?: string | undefined; category?: string | undefined; entityName?: string | undefined; }'.
                Type 'FieldValues' is missing the following properties from type '{ type: "PAYABLE" | "RECEIVABLE"; status: "PENDING" | "CANCELLED" | "PAID" | "OVERDUE"; description: string; amount: number; dueDate: string; paymentDate?: string | undefined; paymentMethod?: string | undefined; category?: string | undefined; entityName?: string | undefined; }': type, status, description, amount, dueDate
src/components/financial/FinancialForm.tsx(172,25): error TS2322: Type 'Control<{ type: "PAYABLE" | "RECEIVABLE"; status: "PENDING" | "CANCELLED" | "PAID" | "OVERDUE"; description: string; amount: number; dueDate: string; paymentDate?: string | undefined; paymentMethod?: string | undefined; category?: string | undefined; entityName?: string | undefined; }, any, TFieldValues>' is not assignable to type 'Control<{ type: "PAYABLE" | "RECEIVABLE"; status: "PENDING" | "CANCELLED" | "PAID" | "OVERDUE"; description: string; amount: number; dueDate: string; paymentDate?: string | undefined; paymentMethod?: string | undefined; category?: string | undefined; entityName?: string | undefined; }, any, { ...; }>'.
  The types of '_options.resolver' are incompatible between these types.
    Type 'Resolver<{ type: "PAYABLE" | "RECEIVABLE"; status: "PENDING" | "CANCELLED" | "PAID" | "OVERDUE"; description: string; amount: number; dueDate: string; paymentDate?: string | undefined; paymentMethod?: string | undefined; category?: string | undefined; entityName?: string | undefined; }, any, TFieldValues> | undefined' is not assignable to type 'Resolver<{ type: "PAYABLE" | "RECEIVABLE"; status: "PENDING" | "CANCELLED" | "PAID" | "OVERDUE"; description: string; amount: number; dueDate: string; paymentDate?: string | undefined; paymentMethod?: string | undefined; category?: string | undefined; entityName?: string | undefined; }, any, { ...; }> | undefined'.
      Type 'Resolver<{ type: "PAYABLE" | "RECEIVABLE"; status: "PENDING" | "CANCELLED" | "PAID" | "OVERDUE"; description: string; amount: number; dueDate: string; paymentDate?: string | undefined; paymentMethod?: string | undefined; category?: string | undefined; entityName?: string | undefined; }, any, TFieldValues>' is not assignable to type 'Resolver<{ type: "PAYABLE" | "RECEIVABLE"; status: "PENDING" | "CANCELLED" | "PAID" | "OVERDUE"; description: string; amount: number; dueDate: string; paymentDate?: string | undefined; paymentMethod?: string | undefined; category?: string | undefined; entityName?: string | undefined; }, any, { ...; }>'.
        Type 'ResolverResult<{ type: "PAYABLE" | "RECEIVABLE"; status: "PENDING" | "CANCELLED" | "PAID" | "OVERDUE"; description: string; amount: number; dueDate: string; paymentDate?: string | undefined; paymentMethod?: string | undefined; category?: string | undefined; entityName?: string | undefined; }, TFieldValues> | Promise...' is not assignable to type 'ResolverResult<{ type: "PAYABLE" | "RECEIVABLE"; status: "PENDING" | "CANCELLED" | "PAID" | "OVERDUE"; description: string; amount: number; dueDate: string; paymentDate?: string | undefined; paymentMethod?: string | undefined; category?: string | undefined; entityName?: string | undefined; }, { ...; }> | Promise<...>'.
          Type 'ResolverSuccess<TFieldValues>' is not assignable to type 'ResolverResult<{ type: "PAYABLE" | "RECEIVABLE"; status: "PENDING" | "CANCELLED" | "PAID" | "OVERDUE"; description: string; amount: number; dueDate: string; paymentDate?: string | undefined; paymentMethod?: string | undefined; category?: string | undefined; entityName?: string | undefined; }, { ...; }> | Promise<...>'.
            Type 'ResolverSuccess<TFieldValues>' is not assignable to type 'ResolverSuccess<{ type: "PAYABLE" | "RECEIVABLE"; status: "PENDING" | "CANCELLED" | "PAID" | "OVERDUE"; description: string; amount: number; dueDate: string; paymentDate?: string | undefined; paymentMethod?: string | undefined; category?: string | undefined; entityName?: string | undefined; }>'.
              Type 'TFieldValues' is not assignable to type '{ type: "PAYABLE" | "RECEIVABLE"; status: "PENDING" | "CANCELLED" | "PAID" | "OVERDUE"; description: string; amount: number; dueDate: string; paymentDate?: string | undefined; paymentMethod?: string | undefined; category?: string | undefined; entityName?: string | undefined; }'.
                Type 'FieldValues' is missing the following properties from type '{ type: "PAYABLE" | "RECEIVABLE"; status: "PENDING" | "CANCELLED" | "PAID" | "OVERDUE"; description: string; amount: number; dueDate: string; paymentDate?: string | undefined; paymentMethod?: string | undefined; category?: string | undefined; entityName?: string | undefined; }': type, status, description, amount, dueDate
src/components/financial/FinancialForm.tsx(188,25): error TS2322: Type 'Control<{ type: "PAYABLE" | "RECEIVABLE"; status: "PENDING" | "CANCELLED" | "PAID" | "OVERDUE"; description: string; amount: number; dueDate: string; paymentDate?: string | undefined; paymentMethod?: string | undefined; category?: string | undefined; entityName?: string | undefined; }, any, TFieldValues>' is not assignable to type 'Control<{ type: "PAYABLE" | "RECEIVABLE"; status: "PENDING" | "CANCELLED" | "PAID" | "OVERDUE"; description: string; amount: number; dueDate: string; paymentDate?: string | undefined; paymentMethod?: string | undefined; category?: string | undefined; entityName?: string | undefined; }, any, { ...; }>'.
  The types of '_options.resolver' are incompatible between these types.
    Type 'Resolver<{ type: "PAYABLE" | "RECEIVABLE"; status: "PENDING" | "CANCELLED" | "PAID" | "OVERDUE"; description: string; amount: number; dueDate: string; paymentDate?: string | undefined; paymentMethod?: string | undefined; category?: string | undefined; entityName?: string | undefined; }, any, TFieldValues> | undefined' is not assignable to type 'Resolver<{ type: "PAYABLE" | "RECEIVABLE"; status: "PENDING" | "CANCELLED" | "PAID" | "OVERDUE"; description: string; amount: number; dueDate: string; paymentDate?: string | undefined; paymentMethod?: string | undefined; category?: string | undefined; entityName?: string | undefined; }, any, { ...; }> | undefined'.
      Type 'Resolver<{ type: "PAYABLE" | "RECEIVABLE"; status: "PENDING" | "CANCELLED" | "PAID" | "OVERDUE"; description: string; amount: number; dueDate: string; paymentDate?: string | undefined; paymentMethod?: string | undefined; category?: string | undefined; entityName?: string | undefined; }, any, TFieldValues>' is not assignable to type 'Resolver<{ type: "PAYABLE" | "RECEIVABLE"; status: "PENDING" | "CANCELLED" | "PAID" | "OVERDUE"; description: string; amount: number; dueDate: string; paymentDate?: string | undefined; paymentMethod?: string | undefined; category?: string | undefined; entityName?: string | undefined; }, any, { ...; }>'.
        Type 'ResolverResult<{ type: "PAYABLE" | "RECEIVABLE"; status: "PENDING" | "CANCELLED" | "PAID" | "OVERDUE"; description: string; amount: number; dueDate: string; paymentDate?: string | undefined; paymentMethod?: string | undefined; category?: string | undefined; entityName?: string | undefined; }, TFieldValues> | Promise...' is not assignable to type 'ResolverResult<{ type: "PAYABLE" | "RECEIVABLE"; status: "PENDING" | "CANCELLED" | "PAID" | "OVERDUE"; description: string; amount: number; dueDate: string; paymentDate?: string | undefined; paymentMethod?: string | undefined; category?: string | undefined; entityName?: string | undefined; }, { ...; }> | Promise<...>'.
          Type 'ResolverSuccess<TFieldValues>' is not assignable to type 'ResolverResult<{ type: "PAYABLE" | "RECEIVABLE"; status: "PENDING" | "CANCELLED" | "PAID" | "OVERDUE"; description: string; amount: number; dueDate: string; paymentDate?: string | undefined; paymentMethod?: string | undefined; category?: string | undefined; entityName?: string | undefined; }, { ...; }> | Promise<...>'.
            Type 'ResolverSuccess<TFieldValues>' is not assignable to type 'ResolverSuccess<{ type: "PAYABLE" | "RECEIVABLE"; status: "PENDING" | "CANCELLED" | "PAID" | "OVERDUE"; description: string; amount: number; dueDate: string; paymentDate?: string | undefined; paymentMethod?: string | undefined; category?: string | undefined; entityName?: string | undefined; }>'.
              Type 'TFieldValues' is not assignable to type '{ type: "PAYABLE" | "RECEIVABLE"; status: "PENDING" | "CANCELLED" | "PAID" | "OVERDUE"; description: string; amount: number; dueDate: string; paymentDate?: string | undefined; paymentMethod?: string | undefined; category?: string | undefined; entityName?: string | undefined; }'.
                Type 'FieldValues' is missing the following properties from type '{ type: "PAYABLE" | "RECEIVABLE"; status: "PENDING" | "CANCELLED" | "PAID" | "OVERDUE"; description: string; amount: number; dueDate: string; paymentDate?: string | undefined; paymentMethod?: string | undefined; category?: string | undefined; entityName?: string | undefined; }': type, status, description, amount, dueDate
src/components/financial/FinancialForm.tsx(214,25): error TS2322: Type 'Control<{ type: "PAYABLE" | "RECEIVABLE"; status: "PENDING" | "CANCELLED" | "PAID" | "OVERDUE"; description: string; amount: number; dueDate: string; paymentDate?: string | undefined; paymentMethod?: string | undefined; category?: string | undefined; entityName?: string | undefined; }, any, TFieldValues>' is not assignable to type 'Control<{ type: "PAYABLE" | "RECEIVABLE"; status: "PENDING" | "CANCELLED" | "PAID" | "OVERDUE"; description: string; amount: number; dueDate: string; paymentDate?: string | undefined; paymentMethod?: string | undefined; category?: string | undefined; entityName?: string | undefined; }, any, { ...; }>'.
  The types of '_options.resolver' are incompatible between these types.
    Type 'Resolver<{ type: "PAYABLE" | "RECEIVABLE"; status: "PENDING" | "CANCELLED" | "PAID" | "OVERDUE"; description: string; amount: number; dueDate: string; paymentDate?: string | undefined; paymentMethod?: string | undefined; category?: string | undefined; entityName?: string | undefined; }, any, TFieldValues> | undefined' is not assignable to type 'Resolver<{ type: "PAYABLE" | "RECEIVABLE"; status: "PENDING" | "CANCELLED" | "PAID" | "OVERDUE"; description: string; amount: number; dueDate: string; paymentDate?: string | undefined; paymentMethod?: string | undefined; category?: string | undefined; entityName?: string | undefined; }, any, { ...; }> | undefined'.
      Type 'Resolver<{ type: "PAYABLE" | "RECEIVABLE"; status: "PENDING" | "CANCELLED" | "PAID" | "OVERDUE"; description: string; amount: number; dueDate: string; paymentDate?: string | undefined; paymentMethod?: string | undefined; category?: string | undefined; entityName?: string | undefined; }, any, TFieldValues>' is not assignable to type 'Resolver<{ type: "PAYABLE" | "RECEIVABLE"; status: "PENDING" | "CANCELLED" | "PAID" | "OVERDUE"; description: string; amount: number; dueDate: string; paymentDate?: string | undefined; paymentMethod?: string | undefined; category?: string | undefined; entityName?: string | undefined; }, any, { ...; }>'.
        Type 'ResolverResult<{ type: "PAYABLE" | "RECEIVABLE"; status: "PENDING" | "CANCELLED" | "PAID" | "OVERDUE"; description: string; amount: number; dueDate: string; paymentDate?: string | undefined; paymentMethod?: string | undefined; category?: string | undefined; entityName?: string | undefined; }, TFieldValues> | Promise...' is not assignable to type 'ResolverResult<{ type: "PAYABLE" | "RECEIVABLE"; status: "PENDING" | "CANCELLED" | "PAID" | "OVERDUE"; description: string; amount: number; dueDate: string; paymentDate?: string | undefined; paymentMethod?: string | undefined; category?: string | undefined; entityName?: string | undefined; }, { ...; }> | Promise<...>'.
          Type 'ResolverSuccess<TFieldValues>' is not assignable to type 'ResolverResult<{ type: "PAYABLE" | "RECEIVABLE"; status: "PENDING" | "CANCELLED" | "PAID" | "OVERDUE"; description: string; amount: number; dueDate: string; paymentDate?: string | undefined; paymentMethod?: string | undefined; category?: string | undefined; entityName?: string | undefined; }, { ...; }> | Promise<...>'.
            Type 'ResolverSuccess<TFieldValues>' is not assignable to type 'ResolverSuccess<{ type: "PAYABLE" | "RECEIVABLE"; status: "PENDING" | "CANCELLED" | "PAID" | "OVERDUE"; description: string; amount: number; dueDate: string; paymentDate?: string | undefined; paymentMethod?: string | undefined; category?: string | undefined; entityName?: string | undefined; }>'.
              Type 'TFieldValues' is not assignable to type '{ type: "PAYABLE" | "RECEIVABLE"; status: "PENDING" | "CANCELLED" | "PAID" | "OVERDUE"; description: string; amount: number; dueDate: string; paymentDate?: string | undefined; paymentMethod?: string | undefined; category?: string | undefined; entityName?: string | undefined; }'.
                Type 'FieldValues' is missing the following properties from type '{ type: "PAYABLE" | "RECEIVABLE"; status: "PENDING" | "CANCELLED" | "PAID" | "OVERDUE"; description: string; amount: number; dueDate: string; paymentDate?: string | undefined; paymentMethod?: string | undefined; category?: string | undefined; entityName?: string | undefined; }': type, status, description, amount, dueDate
